[2025-08-23 20:55:25] | URL: https://www.leroymerlin.fr/produits/terrasse-jardin/terrasse-et-sol-exterieur/ | ERROR: No product link found

[2025-08-23 20:56:27] | URL: https://www.leroymerlin.fr/produits/terrasse-jardin/allees-de-jardin/ | ERROR: No product link found

[2025-08-25 12:15:02] | URL: https://www.leroymerlin.fr/produits/terrasse-jardin/terrasse-et-sol-exterieur/ | ERROR: No product link found

[2025-08-25 12:16:02] | URL: https://www.leroymerlin.fr/produits/terrasse-jardin/allees-de-jardin/ | ERROR: No product link found

